set -euo pipefail
set -x

# Download the model and the training file.
mkdir base-model


mkdir -p $(dirname base-model/config.json)
curl --output base-model/config.json "https://example.com/config.json"


mkdir dataset/
curl -o dataset/train.json "https://example.com/training-file"

curl -o dataset/test.json "https://example.com/validation-file"


mkdir output


accelerate launch \
  --mixed_precision=no \
  --num_processes=1 \
  --num_machines=1 \
  --num_cpu_threads_per_process=1 \
  --dynamo_backend=no \
  ./sft.py \
  --model=./base-model \
  --dataset=./dataset \
  --output=./output --per_device_train_batch_size=32 --learning_rate=0.100000 --num_train_epochs=10


python ./convert-lora-to-ggml.py ./output


curl --request PUT --upload-file output/ggml-adapter-model.bin "https://example.com/output-model"
